
Discarded input sections

 .group         0x0000000000000000        0xc build/main.o
 .group         0x0000000000000000        0xc build/isr.o
 .debug_macro   0x0000000000000000      0x85c build/isr.o

Memory Configuration

Name             Origin             Length             Attributes
rom              0x0000000000000000 0x0000000000008000
sram             0x0000000001000000 0x0000000000002000
main_ram         0x0000000040000000 0x0000000000004000
csr              0x00000000c8000000 0x0000000000010000
*default*        0x0000000000000000 0xffffffffffffffff

Linker script and memory map

                0x0000000000000000                __DYNAMIC = 0x0

.text           0x0000000040000000     0x1124
                0x0000000040000000                _ftext = .
 *(.text .stub .text.* .gnu.linkonce.t.*)
 .text          0x0000000040000000        0x0 build/main.o
 .text.startup  0x0000000040000000       0x10 build/main.o
                0x0000000040000000                main
 .text          0x0000000040000010     0x1104 build/crt0.o
                0x0000000040000010                _start
 .text          0x0000000040001114       0x10 build/isr.o
                0x0000000040001114                isr
                0x0000000040001124                _etext = .

.sfpr           0x0000000040001124        0x0
 .sfpr          0x0000000040001124        0x0 linker stubs

.glink          0x0000000040001128        0x0
 .glink         0x0000000040001128        0x0 linker stubs
 .glink         0x0000000040001128        0x0 linker stubs

.rodata         0x0000000040001124        0x0
                0x0000000040001124                . = ALIGN (0x4)
                0x0000000040001124                _frodata = .
 *(.rodata .rodata.* .gnu.linkonce.r.*)
 *(.rodata1)
                0x0000000040001124                _erodata = .

.eh_frame       0x0000000040001124        0x0
 .eh_frame      0x0000000040001124        0x0 linker stubs

.eh_frame       0x0000000040001124       0x50
 .eh_frame      0x0000000040001124       0x28 build/main.o
 .eh_frame      0x000000004000114c       0x28 build/isr.o

.rela.dyn       0x0000000040001178        0x0
 .rela.iplt     0x0000000040001178        0x0 linker stubs
 .rela.got      0x0000000040001178        0x0 linker stubs
 .rela.got      0x0000000040001178        0x0 build/crt0.o

.data           0x0000000040001200        0x4
                0x0000000040001200                . = ALIGN (0x4)
                0x0000000040001200                _fdata = .
 *(.data .data.* .gnu.linkonce.d.*)
 .data          0x0000000040001200        0x0 build/main.o
 .data          0x0000000040001200        0x4 build/crt0.o
                0x0000000040001200                __isr_address
 .data          0x0000000040001204        0x0 build/isr.o
 *(.data1)
                0x0000000040001210                _gp = ALIGN (0x10)
 *(.sdata .sdata.* .gnu.linkonce.s.*)
                0x0000000040001204                _edata = .

.branch_lt      0x0000000040001208        0x0
 .branch_lt     0x0000000040001208        0x0 linker stubs
 .branch_lt     0x0000000040001208        0x0 linker stubs

.got            0x0000000040001208       0x38
 .got           0x0000000040001208        0x8 linker stubs
 .got           0x0000000040001210       0x30 build/crt0.o

.bss            0x0000000001000000        0x0
                0x0000000001000000                . = ALIGN (0x4)
                0x0000000001000000                _fbss = .
 *(.dynsbss)
 *(.sbss .sbss.* .gnu.linkonce.sb.*)
 *(.scommon)
 *(.dynbss)
 *(.bss .bss.* .gnu.linkonce.b.*)
 .bss           0x0000000001000000        0x0 build/main.o
 .bss           0x0000000001000000        0x0 build/crt0.o
 .bss           0x0000000001000000        0x0 build/isr.o
 *(COMMON)
                0x0000000001000000                . = ALIGN (0x4)
                0x0000000001000000                _ebss = .
                0x0000000001000000                _end = .
                0x0000000001001ffc                PROVIDE (_fstack = ((ORIGIN (sram) + LENGTH (sram)) - 0x4))
                0x0000000040001200                PROVIDE (_fdata_rom = LOADADDR (.data))
                [!provide]                        PROVIDE (_edata_rom = (LOADADDR (.data) + SIZEOF (.data)))
LOAD build/main.o
LOAD build/crt0.o
LOAD build/isr.o
OUTPUT(build/firmware.elf elf64-powerpcle)

.iplt           0x0000000001000000        0x0
 .iplt          0x0000000001000000        0x0 linker stubs

.debug_info     0x0000000000000000       0xcd
 .debug_info    0x0000000000000000       0x53 build/main.o
 .debug_info    0x0000000000000053       0x2e build/crt0.o
 .debug_info    0x0000000000000081       0x4c build/isr.o

.debug_abbrev   0x0000000000000000       0x81
 .debug_abbrev  0x0000000000000000       0x3c build/main.o
 .debug_abbrev  0x000000000000003c       0x14 build/crt0.o
 .debug_abbrev  0x0000000000000050       0x31 build/isr.o

.debug_aranges  0x0000000000000000       0x90
 .debug_aranges
                0x0000000000000000       0x30 build/main.o
 .debug_aranges
                0x0000000000000030       0x30 build/crt0.o
 .debug_aranges
                0x0000000000000060       0x30 build/isr.o

.debug_ranges   0x0000000000000000       0x20
 .debug_ranges  0x0000000000000000       0x20 build/main.o

.debug_macro    0x0000000000000000      0x87e
 .debug_macro   0x0000000000000000       0x11 build/main.o
 .debug_macro   0x0000000000000011      0x85c build/main.o
 .debug_macro   0x000000000000086d       0x11 build/isr.o

.debug_line     0x0000000000000000      0x193
 .debug_line    0x0000000000000000       0x55 build/main.o
 .debug_line    0x0000000000000055       0xf6 build/crt0.o
 .debug_line    0x000000000000014b       0x48 build/isr.o

.debug_str      0x0000000000000000     0x28b5
 .debug_str     0x0000000000000000     0x288a build/main.o
                                       0x2899 (size before relaxing)
 .debug_str     0x000000000000288a       0x1d build/crt0.o
                                         0x66 (size before relaxing)
 .debug_str     0x00000000000028a7        0xe build/isr.o
                                       0x2893 (size before relaxing)

.comment        0x0000000000000000       0x2b
 .comment       0x0000000000000000       0x2b build/main.o
                                         0x2c (size before relaxing)
 .comment       0x000000000000002b       0x2c build/isr.o

.note.GNU-stack
                0x0000000000000000        0x0
 .note.GNU-stack
                0x0000000000000000        0x0 build/main.o
 .note.GNU-stack
                0x0000000000000000        0x0 build/isr.o
