Copyright 1986-2021 Xilinx, Inc. All Rights Reserved.
-------------------------------------------------------------------------------------
| Tool Version : Vivado v.2021.1 (lin64) Build 3247384 Thu Jun 10 19:36:07 MDT 2021
| Date         : Wed Sep  8 21:36:28 2021
| Host         : varuns5600x running 64-bit Ubuntu 20.04.3 LTS
| Command      : report_control_sets -verbose -file toplevel_control_sets_placed.rpt
| Design       : toplevel
| Device       : xc7a100t
-------------------------------------------------------------------------------------

Control Set Information

Table of Contents
-----------------
1. Summary
2. Histogram
3. Flip-Flop Distribution
4. Detailed Control Set Information

1. Summary
----------

+----------------------------------------------------------+-------+
|                          Status                          | Count |
+----------------------------------------------------------+-------+
| Total control sets                                       |   121 |
|    Minimum number of control sets                        |   121 |
|    Addition due to synthesis replication                 |     0 |
|    Addition due to physical synthesis replication        |     0 |
| Unused register locations in slices containing registers |   219 |
+----------------------------------------------------------+-------+
* Control sets can be merged at opt_design using control_set_merge or merge_equivalent_drivers
** Run report_qor_suggestions for automated merging and remapping suggestions


2. Histogram
------------

+--------------------+-------+
|       Fanout       | Count |
+--------------------+-------+
| Total control sets |   121 |
| >= 0 to < 4        |     2 |
| >= 4 to < 6        |     8 |
| >= 6 to < 8        |    15 |
| >= 8 to < 10       |     7 |
| >= 10 to < 12      |     2 |
| >= 12 to < 14      |     5 |
| >= 14 to < 16      |     0 |
| >= 16              |    82 |
+--------------------+-------+
* Control sets can be remapped at either synth_design or opt_design


3. Flip-Flop Distribution
-------------------------

+--------------+-----------------------+------------------------+-----------------+--------------+
| Clock Enable | Synchronous Set/Reset | Asynchronous Set/Reset | Total Registers | Total Slices |
+--------------+-----------------------+------------------------+-----------------+--------------+
| No           | No                    | No                     |            1264 |          504 |
| No           | No                    | Yes                    |               0 |            0 |
| No           | Yes                   | No                     |            2243 |          824 |
| Yes          | No                    | No                     |            3277 |         1343 |
| Yes          | No                    | Yes                    |               0 |            0 |
| Yes          | Yes                   | No                     |            1957 |          810 |
+--------------+-----------------------+------------------------+-----------------+--------------+


4. Detailed Control Set Information
-----------------------------------

+---------------------------+-------------------------------------------------------------------+--------------------------------------------------------------------+------------------+----------------+--------------+
|        Clock Signal       |                           Enable Signal                           |                          Set/Reset Signal                          | Slice Load Count | Bel Load Count | Bels / Slice |
+---------------------------+-------------------------------------------------------------------+--------------------------------------------------------------------+------------------+----------------+--------------+
|  ext_clk_IBUF             |                                                                   |                                                                    |                1 |              2 |         2.00 |
|  clkgen/pll/inst/clk_out1 | soc0/processor/icache_0/r[store_row][2]_i_1_n_0                   |                                                                    |                1 |              3 |         3.00 |
|  clkgen/pll/inst/clk_out1 | soc0/processor/decode2_0/neg_result                               |                                                                    |                3 |              4 |         1.33 |
|  clkgen/pll/inst/clk_out1 | soc0/processor/decode2_0/r_reg[intr_pending]_inv                  | soc0/processor/rst_fetch1                                          |                2 |              4 |         2.00 |
|  clkgen/pll/inst/clk_out1 | soc0/processor/loadstore1_0/r2[req][load]                         | soc0/processor/loadstore1_0/r2[use_second][7]_i_1_n_0              |                3 |              4 |         1.33 |
|  clkgen/pll/inst/clk_out1 | soc0/processor/loadstore1_0/r2[req][load]                         | soc0/processor/loadstore1_0/r2[use_second][3]_i_1_n_0              |                2 |              4 |         2.00 |
|  clkgen/pll/inst/clk_out1 | soc0/processor/execute1_0/flush                                   | soc0/processor/rst_fetch1                                          |                3 |              4 |         1.33 |
|  clkgen/pll/inst/clk_out1 | soc0/processor/with_fpu.fpu_0/p_9_in                              | soc0/processor/loadstore1_0/r3[srr1][14]_i_1_n_0                   |                1 |              4 |         4.00 |
|  clkgen/pll/inst/clk_out1 | soc0/processor/with_fpu.fpu_0/i___308_n_0                         |                                                                    |                2 |              5 |         2.50 |
|  clkgen/pll/inst/clk_out1 | soc0/processor/execute1_0/writeback_to_cr_file[write_xerc_enable] |                                                                    |                2 |              5 |         2.50 |
|  clkgen/pll/inst/clk_out1 | soc0/processor/dcache_0/r1[wb][adr][11]_i_1_n_0                   | soc0/processor/rst_fetch1                                          |                2 |              6 |         3.00 |
|  ext_clk_IBUF             | reset_controller/E[0]                                             | reset_controller/clear                                             |                1 |              6 |         6.00 |
|  clkgen/pll/inst/clk_out1 | soc0/processor/execute1_0/r_reg[intr_pending]_inv_0               | soc0/processor/rst_fetch1                                          |                3 |              6 |         2.00 |
|  clkgen/pll/inst/clk_out1 | soc0/processor/icache_0/r[store_index][5]_i_1_n_0                 | soc0/processor/icache_0/r[store_row][8]_i_1_n_0                    |                1 |              6 |         6.00 |
|  clkgen/pll/inst/clk_out1 | soc0/processor/mmu_0/p_12_in                                      |                                                                    |                4 |              6 |         1.50 |
|  clkgen/pll/inst/clk_out1 | soc0/processor/mmu_0/r[shift]                                     |                                                                    |                4 |              6 |         1.50 |
|  clkgen/pll/inst/clk_out1 | reset_controller/soc_rst                                          | reset_controller/soc_rst_cnt[4]_i_1_n_0                            |                1 |              6 |         6.00 |
|  clkgen/pll/inst/clk_out1 |                                                                   | soc0/processor/writeback_0/r[trace_next]                           |                4 |              6 |         1.50 |
|  clkgen/pll/inst/clk_out1 | soc0/processor/execute1_0/divider_0/dend[65]                      | soc0/processor/decode2_0/rst_fetch1_reg_3                          |                2 |              7 |         3.50 |
|  clkgen/pll/inst/clk_out1 | soc0/processor/execute1_0/divider_0/E[0]                          | soc0/processor/execute1_0/divider_0/quot[7]_i_1_n_0                |                2 |              7 |         3.50 |
|  clkgen/pll/inst/clk_out1 |                                                                   | soc0/rst_core                                                      |                6 |              7 |         1.17 |
|  clkgen/pll/inst/clk_out1 | soc0/processor/decode2_0/control_0/tag_regs_reg[2][wr_gpr]0       |                                                                    |                2 |              7 |         3.50 |
|  clkgen/pll/inst/clk_out1 | soc0/processor/decode2_0/control_0/tag_regs_reg[1][wr_gpr]0       |                                                                    |                2 |              7 |         3.50 |
|  clkgen/pll/inst/clk_out1 | soc0/processor/decode2_0/control_0/tag_regs[3][reg][6]_i_1_n_0    |                                                                    |                2 |              7 |         3.50 |
|  clkgen/pll/inst/clk_out1 | soc0/processor/decode2_0/control_0/tag_regs[0][reg]               |                                                                    |                2 |              7 |         3.50 |
|  clkgen/pll/inst/clk_out1 | soc0/processor/debug_0/log_dmi_trigger[1]                         | soc0/processor/rst_fetch1                                          |                2 |              8 |         4.00 |
|  clkgen/pll/inst/clk_out1 |                                                                   | soc0/processor/dcache_0/r1[forward_sel][7]_i_1_n_0                 |                3 |              8 |         2.67 |
|  clkgen/pll/inst/clk_out1 | soc0/processor/decode2_0/r_reg[e][insn_type][2]_4                 | soc0/processor/writeback_0/r[trace_next]                           |                4 |              8 |         2.00 |
|  clkgen/pll/inst/clk_out1 | soc0/processor/decode2_0/r[is_sqrt]                               | soc0/processor/decode2_0/SR[0]                                     |                4 |              8 |         2.00 |
|  clkgen/pll/inst/clk_out1 | soc0/processor/dcache_0/r0[req][data][55]_i_1_n_0                 | soc0/processor/dcache_0/r0[req][data][63]_i_1_n_0                  |                2 |              8 |         4.00 |
|  clkgen/pll/inst/clk_out1 | soc0/processor/execute1_0/WEBWE[0]                                | soc0/processor/rst_fetch1                                          |                3 |              9 |         3.00 |
|  clkgen/pll/inst/clk_out1 |                                                                   | reset_controller/soc_rst                                           |                4 |              9 |         2.25 |
|  clkgen/pll/inst/clk_out1 | soc0/processor/decode2_0/r_reg[e][insn_type][2]_6                 | soc0/processor/rst_fetch1                                          |                4 |             10 |         2.50 |
|  clkgen/pll/inst/clk_out1 | soc0/processor/decode2_0/r_reg[e][insn_type][2]_5                 | soc0/processor/rst_fetch1                                          |                7 |             10 |         1.43 |
|  clkgen/pll/inst/clk_out1 | soc0/processor/with_fpu.fpu_0/i___90_n_0                          |                                                                    |               13 |             13 |         1.00 |
|  clkgen/pll/inst/clk_out1 | soc0/processor/dcache_0/r0[req][dcbz]_i_2_n_0                     | soc0/processor/dcache_0/r0[req][dcbz]_i_1_n_0                      |                5 |             13 |         2.60 |
|  clkgen/pll/inst/clk_out1 | soc0/processor/with_fpu.fpu_0/i___73_n_0                          |                                                                    |                4 |             13 |         3.25 |
|  clkgen/pll/inst/clk_out1 | soc0/processor/with_fpu.fpu_0/i___56_n_0                          |                                                                    |                4 |             13 |         3.25 |
|  clkgen/pll/inst/clk_out1 | soc0/processor/with_fpu.fpu_0/i___334_n_0                         |                                                                    |                4 |             13 |         3.25 |
|  clkgen/pll/inst/clk_out1 | soc0/processor/dcache_0/r1[wb][adr][31]_i_1_n_0                   | soc0/processor/rst_fetch1                                          |                5 |             20 |         4.00 |
|  clkgen/pll/inst/clk_out1 | soc0/processor/icache_0/soc_rst_cnt_reg[5]_inv                    | soc0/processor/icache_0/FSM_sequential_slave_io_latch.state_reg[1] |                8 |             24 |         3.00 |
|  clkgen/pll/inst/clk_out1 | soc0/processor/decode2_0/rst_fetch1_reg_2                         | soc0/processor/decode2_0/rst_fetch1_reg_11                         |               10 |             25 |         2.50 |
|  clkgen/pll/inst/clk_out1 | soc0/processor/icache_0/r[store_index][5]_i_1_n_0                 | soc0/processor/rst_fetch1                                          |               15 |             26 |         1.73 |
|  clkgen/pll/inst/clk_out1 | soc0/processor/decode2_0/r_reg[e][is_32bit]_rep__0_2              | soc0/processor/rst_fetch1                                          |               10 |             30 |         3.00 |
|  clkgen/pll/inst/clk_out1 | soc0/processor/decode2_0/r_reg[e][insn][11]_0[0]                  | soc0/processor/rst_fetch1                                          |                8 |             32 |         4.00 |
|  clkgen/pll/inst/clk_out1 | soc0/processor/execute1_0/r_reg[e][write_enable]_0[8]             |                                                                    |               10 |             32 |         3.20 |
|  clkgen/pll/inst/clk_out1 | soc0/processor/execute1_0/pmu_0/pmcs[5][31]_i_1_n_0               |                                                                    |                8 |             32 |         4.00 |
|  clkgen/pll/inst/clk_out1 |                                                                   | soc0/gpio/wb_out[dat][31]_i_1_n_0                                  |               12 |             32 |         2.67 |
|  clkgen/pll/inst/clk_out1 | soc0/processor/decode2_0/rst_fetch1_reg_1[0]                      |                                                                    |               14 |             32 |         2.29 |
|  clkgen/pll/inst/clk_out1 | soc0/processor/execute1_0/pmu_0/pmcs[6][31]_i_1_n_0               |                                                                    |                9 |             32 |         3.56 |
|  clkgen/pll/inst/clk_out1 | soc0/processor/execute1_0/pmu_0/pmcs[2][31]_i_1_n_0               |                                                                    |               14 |             32 |         2.29 |
|  clkgen/pll/inst/clk_out1 | soc0/processor/execute1_0/pmu_0/pmcs[3][31]_i_1_n_0               |                                                                    |               12 |             32 |         2.67 |
|  clkgen/pll/inst/clk_out1 | soc0/processor/execute1_0/pmu_0/pmcs[4][31]_i_1_n_0               |                                                                    |               12 |             32 |         2.67 |
|  clkgen/pll/inst/clk_out1 | soc0/processor/loadstore1_0/r3[dsisr][31]_i_1_n_0                 | soc0/processor/rst_fetch1                                          |               11 |             32 |         2.91 |
|  clkgen/pll/inst/clk_out1 | soc0/gpio/soc_rst_cnt_reg[5]_inv_0                                |                                                                    |               14 |             32 |         2.29 |
|  clkgen/pll/inst/clk_out1 | soc0/processor/decode2_0/r1[req][addr0]                           | soc0/processor/decode2_0/r_reg[e][is_32bit]_rep__0_1               |                9 |             32 |         3.56 |
|  clkgen/pll/inst/clk_out1 | soc0/gpio/soc_rst_cnt_reg[5]_inv                                  |                                                                    |               13 |             32 |         2.46 |
|  clkgen/pll/inst/clk_out1 | soc0/gpio/reg_dirn                                                | soc0/rst_gpio                                                      |               12 |             32 |         2.67 |
|  clkgen/pll/inst/clk_out1 | soc0/gpio/reg_data                                                | soc0/rst_gpio                                                      |               13 |             32 |         2.46 |
|  clkgen/pll/inst/clk_out1 | soc0/processor/icache_0/soc_rst_cnt_reg[5]_inv_0                  | soc0/processor/dcache_0/soc_rst_cnt_reg[5]_inv_0                   |                9 |             32 |         3.56 |
|  clkgen/pll/inst/clk_out1 | soc0/processor/mmu_0/v[pid]                                       | soc0/rst_core                                                      |               10 |             32 |         3.20 |
|  clkgen/pll/inst/clk_out1 | soc0/processor/mmu_0/r[prtbl]                                     |                                                                    |               17 |             49 |         2.88 |
|  clkgen/pll/inst/clk_out1 | soc0/processor/dcache_0/rams[1].way/E[0]                          |                                                                    |               25 |             53 |         2.12 |
|  clkgen/pll/inst/clk_out1 | soc0/processor/with_fpu.fpu_0/i___75_n_0                          |                                                                    |               24 |             56 |         2.33 |
|  clkgen/pll/inst/clk_out1 | soc0/processor/dcache_0/r0[req][data][55]_i_1_n_0                 |                                                                    |               20 |             56 |         2.80 |
|  clkgen/pll/inst/clk_out1 | soc0/processor/mmu_0/r[pde][55]_i_1_n_0                           |                                                                    |               25 |             56 |         2.24 |
|  clkgen/pll/inst/clk_out1 | soc0/processor/execute1_0/divider_0/dend[65]                      | soc0/processor/decode2_0/rst_fetch1_reg_10                         |               28 |             57 |         2.04 |
|  clkgen/pll/inst/clk_out1 | soc0/processor/execute1_0/divider_0/E[0]                          | soc0/processor/decode2_0/rst_fetch1_reg_9[0]                       |               11 |             57 |         5.18 |
|  clkgen/pll/inst/clk_out1 | soc0/processor/dcache_0/reservation[addr]                         |                                                                    |               11 |             58 |         5.27 |
|  clkgen/pll/inst/clk_out1 | soc0/processor/mmu_0/r[pgtbl0]                                    |                                                                    |               13 |             58 |         4.46 |
|  clkgen/pll/inst/clk_out1 | soc0/processor/mmu_0/r[pgtbl3]                                    |                                                                    |               15 |             58 |         3.87 |
|  clkgen/pll/inst/clk_out1 |                                                                   | soc0/processor/icache_0/rams[1].way/SR[0]                          |               18 |             62 |         3.44 |
|  clkgen/pll/inst/clk_out1 | soc0/processor/decode2_0/rst_fetch1_reg_0                         | soc0/processor/decode2_0/rst_fetch1_reg_6                          |               25 |             62 |         2.48 |
|  clkgen/pll/inst/clk_out1 | soc0/processor/decode2_0/ctrl[cfar]                               |                                                                    |               40 |             62 |         1.55 |
|  clkgen/pll/inst/clk_out1 | soc0/processor/loadstore1_0/E[0]                                  | soc0/processor/rst_fetch1                                          |               40 |             62 |         1.55 |
|  clkgen/pll/inst/clk_out1 | soc0/processor/execute1_0/r[e][write_data][63]_i_1_n_0            | soc0/processor/rst_fetch1                                          |               47 |             63 |         1.34 |
|  clkgen/pll/inst/clk_out1 | soc0/processor/decode2_0/r_reg[e][insn][18]_1[0]                  |                                                                    |               18 |             63 |         3.50 |
|  clkgen/pll/inst/clk_out1 | soc0/processor/loadstore1_0/r3[dar][63]_i_1_n_0                   | soc0/processor/rst_fetch1                                          |               23 |             64 |         2.78 |
|  clkgen/pll/inst/clk_out1 |                                                                   | soc0/processor/execute1_0/divider_0/did_ovf                        |               21 |             64 |         3.05 |
|  clkgen/pll/inst/clk_out1 | soc0/processor/with_fpu.fpu_0/r[y]                                |                                                                    |               40 |             64 |         1.60 |
|  clkgen/pll/inst/clk_out1 |                                                                   | soc0/processor/mmu_0/itlb_valids0                                  |               22 |             64 |         2.91 |
|  clkgen/pll/inst/clk_out1 | soc0/processor/decode1_0/s_reg[valid]_inv_0[0]                    |                                                                    |               23 |             64 |         2.78 |
|  clkgen/pll/inst/clk_out1 | soc0/processor/mmu_0/r[iside]                                     |                                                                    |               29 |             64 |         2.21 |
|  clkgen/pll/inst/clk_out1 | soc0/processor/icache_0/r[store_index][5]_i_1_n_0                 |                                                                    |               18 |             64 |         3.56 |
|  clkgen/pll/inst/clk_out1 | soc0/processor/loadstore1_0/r3[load_data]                         |                                                                    |               24 |             64 |         2.67 |
|  clkgen/pll/inst/clk_out1 | soc0/processor/execute1_0/divider_0/dend[65]                      | soc0/processor/rst_fetch1                                          |               33 |             64 |         1.94 |
|  clkgen/pll/inst/clk_out1 | soc0/processor/decode2_0/r_reg[e][insn][18]_2[0]                  |                                                                    |               24 |             64 |         2.67 |
|  clkgen/pll/inst/clk_out1 | soc0/processor/mmu_0/r[ptcr][63]_i_1_n_0                          | soc0/rst_core                                                      |               22 |             64 |         2.91 |
|  clkgen/pll/inst/clk_out1 | soc0/processor/decode2_0/rst_fetch1_reg                           | soc0/processor/decode2_0/r_reg[e][insn][16]_rep_1                  |               26 |             64 |         2.46 |
|  clkgen/pll/inst/clk_out1 | soc0/processor/decode2_0/v[div_in_progress]                       | soc0/processor/rst_fetch1                                          |               28 |             64 |         2.29 |
|  clkgen/pll/inst/clk_out1 | soc0/processor/decode2_0/E[0]                                     |                                                                    |               29 |             64 |         2.21 |
|  clkgen/pll/inst/clk_out1 | soc0/processor/with_fpu.fpu_0/fpu_multiply_0/E[0]                 |                                                                    |               20 |             64 |         3.20 |
|  clkgen/pll/inst/clk_out1 | soc0/processor/decode2_0/r_reg[e][insn][18]_0[0]                  |                                                                    |               24 |             64 |         2.67 |
|  clkgen/pll/inst/clk_out1 | soc0/processor/dcache_0/r1[reload_tag]                            |                                                                    |               27 |             66 |         2.44 |
|  clkgen/pll/inst/clk_out1 | soc0/processor/loadstore1_0/r3[intr_vec]                          |                                                                    |               25 |             66 |         2.64 |
|  clkgen/pll/inst/clk_out1 | soc0/processor/loadstore1_0/r1[req][addr]                         |                                                                    |               29 |             69 |         2.38 |
|  clkgen/pll/inst/clk_out1 | soc0/processor/dcache_0/r0[req][dcbz]_i_2_n_0                     |                                                                    |               23 |             70 |         3.04 |
|  clkgen/pll/inst/clk_out1 | soc0/processor/dcache_0/r1[wb][dat]                               |                                                                    |               23 |             72 |         3.13 |
|  clkgen/pll/inst/clk_out1 | soc0/processor/icache_0/advance_nia                               |                                                                    |               48 |             94 |         1.96 |
|  clkgen/pll/inst/clk_out1 | soc0/processor/decode2_0/r[is_sqrt]                               |                                                                    |               64 |            109 |         1.70 |
|  clkgen/pll/inst/clk_out1 | soc0/processor/mmu_0/rst_fetch1_reg                               |                                                                    |               31 |            124 |         4.00 |
|  clkgen/pll/inst/clk_out1 |                                                                   | soc0/processor/dcache_0/dtlb_valids_reg[0]0                        |               67 |            128 |         1.91 |
|  clkgen/pll/inst/clk_out1 | soc0/processor/dcache_0/r1[req][op]                               |                                                                    |               50 |            132 |         2.64 |
|  clkgen/pll/inst/clk_out1 | soc0/processor/execute1_0/p_74_in                                 | soc0/processor/rst_fetch1                                          |               47 |            152 |         3.23 |
|  clkgen/pll/inst/clk_out1 | soc0/processor/execute1_0/E[0]                                    | soc0/processor/rst_fetch1                                          |               62 |            160 |         2.58 |
|  clkgen/pll/inst/clk_out1 | soc0/processor/decode1_0/r[stop_mark]                             | soc0/processor/rst_fetch1                                          |               59 |            160 |         2.71 |
|  clkgen/pll/inst/clk_out1 | soc0/processor/dcache_0/maybe_plrus.plrus[51].plru/p_0_in2_out[1] |                                                                    |               44 |            176 |         4.00 |
|  clkgen/pll/inst/clk_out1 | soc0/processor/dcache_0/maybe_plrus.plrus[51].plru/p_0_in2_out[0] |                                                                    |               44 |            176 |         4.00 |
|  clkgen/pll/inst/clk_out1 | soc0/processor/icache_0/maybe_plrus.plrus[51].plru/p_0_in2_out[1] |                                                                    |               45 |            178 |         3.96 |
|  clkgen/pll/inst/clk_out1 | soc0/processor/icache_0/maybe_plrus.plrus[51].plru/p_0_in2_out[0] |                                                                    |               45 |            178 |         3.96 |
|  clkgen/pll/inst/clk_out1 | soc0/processor/dcache_0/r0_full0                                  |                                                                    |               70 |            205 |         2.93 |
|  clkgen/pll/inst/clk_out1 | soc0/processor/decode2_0/r1[req][addr0]                           |                                                                    |               91 |            206 |         2.26 |
|  clkgen/pll/inst/clk_out1 | soc0/processor/writeback_0/r_reg[e][write_enable]                 |                                                                    |               65 |            258 |         3.97 |
|  clkgen/pll/inst/clk_out1 | soc0/processor/writeback_0/r_reg[e][write_enable]_0               |                                                                    |               65 |            258 |         3.97 |
|  clkgen/pll/inst/clk_out1 | soc0/processor/dcache_0/dtlb_tags_reg_0_63_0_2_i_4_n_0            |                                                                    |               68 |            272 |         4.00 |
|  clkgen/pll/inst/clk_out1 | soc0/processor/loadstore1_0/r2[req][load]                         |                                                                    |              120 |            320 |         2.67 |
|  clkgen/pll/inst/clk_out1 | soc0/processor/with_fpu.fpu_0/p_9_in                              |                                                                    |              179 |            326 |         1.82 |
|  clkgen/pll/inst/clk_out1 | soc0/processor/decode2_0/r_reg[e][valid]0                         | soc0/processor/execute1_0/r[e][valid]                              |              185 |            377 |         2.04 |
|  clkgen/pll/inst/clk_out1 |                                                                   | soc0/processor/rst_fetch1                                          |              387 |            839 |         2.17 |
|  clkgen/pll/inst/clk_out1 |                                                                   | soc0/processor/mmu_0/p_3_out                                       |              280 |           1024 |         3.66 |
|  clkgen/pll/inst/clk_out1 |                                                                   |                                                                    |              503 |           1262 |         2.51 |
+---------------------------+-------------------------------------------------------------------+--------------------------------------------------------------------+------------------+----------------+--------------+


